// Jest Snapshot v1, https://goo.gl/fbAQLP

exports[`AppComponent snapshot 1`] = `
Array [
  <div
    className="appWrapper"
    data-automation-id="app"
  >
    <div
      className="react-grid-layout layout"
      onDragEnter={[Function]}
      onDragLeave={[Function]}
      onDragOver={[Function]}
      onDrop={[Function]}
      style={
        Object {
          "height": "350px",
        }
      }
    >
      <div
        className="react-grid-item widget static react-resizable-hide react-resizable"
        onMouseDown={[Function]}
        onMouseUp={[Function]}
        onTouchEnd={[Function]}
        style={
          Object {
            "height": "30px",
            "left": "0.78125%",
            "position": "absolute",
            "top": "10px",
            "width": "32.265625%",
          }
        }
      >
        <div
          className="addTaskWrapper"
        >
          <input
            className="addTaskInput"
            onChange={[Function]}
            type="text"
            value=""
          />
          <button
            className="addTaskButton"
            disabled={true}
            onClick={[Function]}
          >
            Add
          </button>
        </div>
        <span
          className="react-resizable-handle react-resizable-handle-se"
          onMouseDown={[Function]}
          onMouseUp={[Function]}
          onTouchEnd={[Function]}
        />
      </div>
      <div
        className="react-grid-item widget react-draggable react-resizable"
        onMouseDown={[Function]}
        onMouseUp={[Function]}
        onTouchEnd={[Function]}
        style={
          Object {
            "height": "90px",
            "left": "0.78125%",
            "position": "absolute",
            "top": "50px",
            "width": "32.265625%",
          }
        }
      >
        <div
          className="taskListWrapper"
        />
        <span
          className="react-resizable-handle react-resizable-handle-se"
          onMouseDown={[Function]}
          onMouseUp={[Function]}
          onTouchEnd={[Function]}
        />
      </div>
      <div
        className="react-grid-item widget react-draggable react-resizable"
        onMouseDown={[Function]}
        onMouseUp={[Function]}
        onTouchEnd={[Function]}
        style={
          Object {
            "height": "190px",
            "left": "0.78125%",
            "position": "absolute",
            "top": "150px",
            "width": "32.265625%",
          }
        }
      >
        <div
          className="taskListWrapper"
        />
        <span
          className="react-resizable-handle react-resizable-handle-se"
          onMouseDown={[Function]}
          onMouseUp={[Function]}
          onTouchEnd={[Function]}
        />
      </div>
    </div>
  </div>,
  ",",
]
`;
